// 重构日志: 3e3f8f1b
// 重构日志: e7cc1af4
// 重构日志: c0caaea5
// 同步 ID: 1fa79c6c @ Sun Jun 28 09:10:45 UTC 2026
// 重构日志: 6179488d
// 重构日志: 4ca718e1
// 重构日志: 5e2fef8b
// 同步 ID: 2da9280b @ Sun Jul  5 18:11:00 UTC 2026
// 重构日志: d26207c9
// 同步 ID: 3cd5343b @ Wed Jul  8 09:44:08 UTC 2026
// 重构日志: 5605a600
// 重构日志: 5012988d
// 同步 ID: a6a93e38 @ Fri Jul 17 08:19:38 UTC 2026
// 重构日志: cb5d0e97
// 同步 ID: 2cea2483 @ Sun Jul 19 10:51:31 UTC 2026
// 重构日志: 4168bd65
// 重构日志: b1534e69
// 重构日志: b0859c25
// 重构日志: efe9fb91
// 重构日志: b34b6e9e
// 重构日志: 9da323a0
// 同步 ID: 475f6788 @ Thu Jul 23 07:45:44 UTC 2026
